// Jest Snapshot v1, https://goo.gl/fbAQLP

exports[`Pruebas en <GifGridItem /> should display the component correctly 1`] = `
<div
  className="card animate__animated animate__fadeIn"
>
  <img
    alt="Mi titulo"
    height="100"
    src="http://localhost/img.jpg"
  />
  <p>
    Mi titulo
  </p>
</div>
`;
